
> imoveis-baratos-franca@0.0.0 start
> node dist/src/index.js

Servidor rodando http://localhost:3000
[ioredis] Unhandled error event: Error: getaddrinfo ENOTFOUND redis.databases.svc.cluster.local
    at GetAddrInfoReqWrap.onlookupall [as oncomplete] (node:dns:122:26)
[ioredis] Unhandled error event: Error: getaddrinfo ENOTFOUND redis.databases.svc.cluster.local
    at GetAddrInfoReqWrap.onlookupall [as oncomplete] (node:dns:122:26)
[ioredis] Unhandled error event: Error: getaddrinfo ENOTFOUND redis.databases.svc.cluster.local
    at GetAddrInfoReqWrap.onlookupall [as oncomplete] (node:dns:122:26)
[ioredis] Unhandled error event: Error: getaddrinfo ENOTFOUND redis.databases.svc.cluster.local
    at GetAddrInfoReqWrap.onlookupall [as oncomplete] (node:dns:122:26)
[ioredis] Unhandled error event: Error: getaddrinfo ENOTFOUND redis.databases.svc.cluster.local
    at GetAddrInfoReqWrap.onlookupall [as oncomplete] (node:dns:122:26)
[ioredis] Unhandled error event: Error: getaddrinfo ENOTFOUND redis.databases.svc.cluster.local
    at GetAddrInfoReqWrap.onlookupall [as oncomplete] (node:dns:122:26)
[ioredis] Unhandled error event: Error: getaddrinfo ENOTFOUND redis.databases.svc.cluster.local
    at GetAddrInfoReqWrap.onlookupall [as oncomplete] (node:dns:122:26)
[ioredis] Unhandled error event: Error: getaddrinfo ENOTFOUND redis.databases.svc.cluster.local
    at GetAddrInfoReqWrap.onlookupall [as oncomplete] (node:dns:122:26)
[ioredis] Unhandled error event: Error: getaddrinfo ENOTFOUND redis.databases.svc.cluster.local
    at GetAddrInfoReqWrap.onlookupall [as oncomplete] (node:dns:122:26)
[ioredis] Unhandled error event: Error: getaddrinfo ENOTFOUND redis.databases.svc.cluster.local
    at GetAddrInfoReqWrap.onlookupall [as oncomplete] (node:dns:122:26)
[ioredis] Unhandled error event: Error: getaddrinfo ENOTFOUND redis.databases.svc.cluster.local
    at GetAddrInfoReqWrap.onlookupall [as oncomplete] (node:dns:122:26)
[ioredis] Unhandled error event: Error: getaddrinfo ENOTFOUND redis.databases.svc.cluster.local
    at GetAddrInfoReqWrap.onlookupall [as oncomplete] (node:dns:122:26)
[ioredis] Unhandled error event: Error: getaddrinfo ENOTFOUND redis.databases.svc.cluster.local
    at GetAddrInfoReqWrap.onlookupall [as oncomplete] (node:dns:122:26)
[ioredis] Unhandled error event: Error: getaddrinfo ENOTFOUND redis.databases.svc.cluster.local
    at GetAddrInfoReqWrap.onlookupall [as oncomplete] (node:dns:122:26)
[ioredis] Unhandled error event: Error: getaddrinfo ENOTFOUND redis.databases.svc.cluster.local
    at GetAddrInfoReqWrap.onlookupall [as oncomplete] (node:dns:122:26)
[ioredis] Unhandled error event: Error: getaddrinfo ENOTFOUND redis.databases.svc.cluster.local
    at GetAddrInfoReqWrap.onlookupall [as oncomplete] (node:dns:122:26)
[ioredis] Unhandled error event: Error: getaddrinfo ENOTFOUND redis.databases.svc.cluster.local
    at GetAddrInfoReqWrap.onlookupall [as oncomplete] (node:dns:122:26)
[ioredis] Unhandled error event: Error: getaddrinfo ENOTFOUND redis.databases.svc.cluster.local
    at GetAddrInfoReqWrap.onlookupall [as oncomplete] (node:dns:122:26)
[ioredis] Unhandled error event: Error: getaddrinfo ENOTFOUND redis.databases.svc.cluster.local
    at GetAddrInfoReqWrap.onlookupall [as oncomplete] (node:dns:122:26)
[ioredis] Unhandled error event: Error: getaddrinfo ENOTFOUND redis.databases.svc.cluster.local
    at GetAddrInfoReqWrap.onlookupall [as oncomplete] (node:dns:122:26)
[ioredis] Unhandled error event: Error: getaddrinfo ENOTFOUND redis.databases.svc.cluster.local
    at GetAddrInfoReqWrap.onlookupall [as oncomplete] (node:dns:122:26)
Falha ao iniciar Cache Reached the max retries per request limit (which is 20). Refer to "maxRetriesPerRequest" option for details. MaxRetriesPerRequestError: Reached the max retries per request limit (which is 20). Refer to "maxRetriesPerRequest" option for details.
    at Socket.<anonymous> (/app/node_modules/.pnpm/ioredis@5.11.1/node_modules/ioredis/built/redis/event_handler.js:207:37)
    at Object.onceWrapper (node:events:634:26)
    at Socket.emit (node:events:519:28)
    at TCP.<anonymous> (node:net:346:12)
[ioredis] Unhandled error event: Error: getaddrinfo ENOTFOUND redis.databases.svc.cluster.local
    at GetAddrInfoReqWrap.onlookupall [as oncomplete] (node:dns:122:26)
[ioredis] Unhandled error event: Error: getaddrinfo ENOTFOUND redis.databases.svc.cluster.local
    at GetAddrInfoReqWrap.onlookupall [as oncomplete] (node:dns:122:26)
[ioredis] Unhandled error event: Error: getaddrinfo ENOTFOUND redis.databases.svc.cluster.local
    at GetAddrInfoReqWrap.onlookupall [as oncomplete] (node:dns:122:26)
[ioredis] Unhandled error event: Error: getaddrinfo ENOTFOUND redis.databases.svc.cluster.local
    at GetAddrInfoReqWrap.onlookupall [as oncomplete] (node:dns:122:26)
[ioredis] Unhandled error event: Error: getaddrinfo ENOTFOUND redis.databases.svc.cluster.local
    at GetAddrInfoReqWrap.onlookupall [as oncomplete] (node:dns:122:26)
[ioredis] Unhandled error event: Error: getaddrinfo ENOTFOUND redis.databases.svc.cluster.local
    at GetAddrInfoReqWrap.onlookupall [as oncomplete] (node:dns:122:26)
[ioredis] Unhandled error event: Error: getaddrinfo ENOTFOUND redis.databases.svc.cluster.local
    at GetAddrInfoReqWrap.onlookupall [as oncomplete] (node:dns:122:26)
[ioredis] Unhandled error event: Error: getaddrinfo ENOTFOUND redis.databases.svc.cluster.local
    at GetAddrInfoReqWrap.onlookupall [as oncomplete] (node:dns:122:26)
[ioredis] Unhandled error event: Error: getaddrinfo ENOTFOUND redis.databases.svc.cluster.local
    at GetAddrInfoReqWrap.onlookupall [as oncomplete] (node:dns:122:26)
[ioredis] Unhandled error event: Error: getaddrinfo ENOTFOUND redis.databases.svc.cluster.local
    at GetAddrInfoReqWrap.onlookupall [as oncomplete] (node:dns:122:26)
[ioredis] Unhandled error event: Error: getaddrinfo ENOTFOUND redis.databases.svc.cluster.local
    at GetAddrInfoReqWrap.onlookupall [as oncomplete] (node:dns:122:26)
[ioredis] Unhandled error event: Error: getaddrinfo ENOTFOUND redis.databases.svc.cluster.local
    at GetAddrInfoReqWrap.onlookupall [as oncomplete] (node:dns:122:26)
[ioredis] Unhandled error event: Error: getaddrinfo ENOTFOUND redis.databases.svc.cluster.local
    at GetAddrInfoReqWrap.onlookupall [as oncomplete] (node:dns:122:26)
[ioredis] Unhandled error event: Error: getaddrinfo ENOTFOUND redis.databases.svc.cluster.local
    at GetAddrInfoReqWrap.onlookupall [as oncomplete] (node:dns:122:26)
[ioredis] Unhandled error event: Error: getaddrinfo ENOTFOUND redis.databases.svc.cluster.local
    at GetAddrInfoReqWrap.onlookupall [as oncomplete] (node:dns:122:26)
[ioredis] Unhandled error event: Error: getaddrinfo ENOTFOUND redis.databases.svc.cluster.local
    at GetAddrInfoReqWrap.onlookupall [as oncomplete] (node:dns:122:26)
[ioredis] Unhandled error event: Error: getaddrinfo ENOTFOUND redis.databases.svc.cluster.local
    at GetAddrInfoReqWrap.onlookupall [as oncomplete] (node:dns:122:26)
[ioredis] Unhandled error event: Error: getaddrinfo ENOTFOUND redis.databases.svc.cluster.local
    at GetAddrInfoReqWrap.onlookupall [as oncomplete] (node:dns:122:26)
[ioredis] Unhandled error event: Error: getaddrinfo ENOTFOUND redis.databases.svc.cluster.local
    at GetAddrInfoReqWrap.onlookupall [as oncomplete] (node:dns:122:26)
[ioredis] Unhandled error event: Error: getaddrinfo ENOTFOUND redis.databases.svc.cluster.local
    at GetAddrInfoReqWrap.onlookupall [as oncomplete] (node:dns:122:26)
[ioredis] Unhandled error event: Error: getaddrinfo ENOTFOUND redis.databases.svc.cluster.local
    at GetAddrInfoReqWrap.onlookupall [as oncomplete] (node:dns:122:26)
[ioredis] Unhandled error event: Error: getaddrinfo ENOTFOUND redis.databases.svc.cluster.local
    at GetAddrInfoReqWrap.onlookupall [as oncomplete] (node:dns:122:26)
[ioredis] Unhandled error event: Error: getaddrinfo ENOTFOUND redis.databases.svc.cluster.local
    at GetAddrInfoReqWrap.onlookupall [as oncomplete] (node:dns:122:26)
[ioredis] Unhandled error event: Error: getaddrinfo ENOTFOUND redis.databases.svc.cluster.local
    at GetAddrInfoReqWrap.onlookupall [as oncomplete] (node:dns:122:26)
[ioredis] Unhandled error event: Error: getaddrinfo ENOTFOUND redis.databases.svc.cluster.local
    at GetAddrInfoReqWrap.onlookupall [as oncomplete] (node:dns:122:26)
[ioredis] Unhandled error event: Error: getaddrinfo ENOTFOUND redis.databases.svc.cluster.local
    at GetAddrInfoReqWrap.onlookupall [as oncomplete] (node:dns:122:26)
[ioredis] Unhandled error event: Error: getaddrinfo ENOTFOUND redis.databases.svc.cluster.local
    at GetAddrInfoReqWrap.onlookupall [as oncomplete] (node:dns:122:26)
[ioredis] Unhandled error event: Error: getaddrinfo ENOTFOUND redis.databases.svc.cluster.local
    at GetAddrInfoReqWrap.onlookupall [as oncomplete] (node:dns:122:26)
[ioredis] Unhandled error event: Error: getaddrinfo ENOTFOUND redis.databases.svc.cluster.local
    at GetAddrInfoReqWrap.onlookupall [as oncomplete] (node:dns:122:26)
[ioredis] Unhandled error event: Error: getaddrinfo ENOTFOUND redis.databases.svc.cluster.local
    at GetAddrInfoReqWrap.onlookupall [as oncomplete] (node:dns:122:26)
[ioredis] Unhandled error event: Error: getaddrinfo ENOTFOUND redis.databases.svc.cluster.local
    at GetAddrInfoReqWrap.onlookupall [as oncomplete] (node:dns:122:26)
[ioredis] Unhandled error event: Error: getaddrinfo ENOTFOUND redis.databases.svc.cluster.local
    at GetAddrInfoReqWrap.onlookupall [as oncomplete] (node:dns:122:26)
[ioredis] Unhandled error event: Error: getaddrinfo ENOTFOUND redis.databases.svc.cluster.local
    at GetAddrInfoReqWrap.onlookupall [as oncomplete] (node:dns:122:26)
[ioredis] Unhandled error event: Error: getaddrinfo ENOTFOUND redis.databases.svc.cluster.local
    at GetAddrInfoReqWrap.onlookupall [as oncomplete] (node:dns:122:26)
[ioredis] Unhandled error event: Error: getaddrinfo ENOTFOUND redis.databases.svc.cluster.local
    at GetAddrInfoReqWrap.onlookupall [as oncomplete] (node:dns:122:26)
[ioredis] Unhandled error event: Error: getaddrinfo ENOTFOUND redis.databases.svc.cluster.local
    at GetAddrInfoReqWrap.onlookupall [as oncomplete] (node:dns:122:26)
[ioredis] Unhandled error event: Error: getaddrinfo ENOTFOUND redis.databases.svc.cluster.local
    at GetAddrInfoReqWrap.onlookupall [as oncomplete] (node:dns:122:26)
[ioredis] Unhandled error event: Error: getaddrinfo ENOTFOUND redis.databases.svc.cluster.local
    at GetAddrInfoReqWrap.onlookupall [as oncomplete] (node:dns:122:26)
[ioredis] Unhandled error event: Error: getaddrinfo ENOTFOUND redis.databases.svc.cluster.local
    at GetAddrInfoReqWrap.onlookupall [as oncomplete] (node:dns:122:26)
[ioredis] Unhandled error event: Error: getaddrinfo ENOTFOUND redis.databases.svc.cluster.local
    at GetAddrInfoReqWrap.onlookupall [as oncomplete] (node:dns:122:26)
[ioredis] Unhandled error event: Error: getaddrinfo ENOTFOUND redis.databases.svc.cluster.local
    at GetAddrInfoReqWrap.onlookupall [as oncomplete] (node:dns:122:26)
[ioredis] Unhandled error event: Error: getaddrinfo ENOTFOUND redis.databases.svc.cluster.local
    at GetAddrInfoReqWrap.onlookupall [as oncomplete] (node:dns:122:26)
[ioredis] Unhandled error event: Error: getaddrinfo ENOTFOUND redis.databases.svc.cluster.local
    at GetAddrInfoReqWrap.onlookupall [as oncomplete] (node:dns:122:26)
[ioredis] Unhandled error event: Error: getaddrinfo ENOTFOUND redis.databases.svc.cluster.local
    at GetAddrInfoReqWrap.onlookupall [as oncomplete] (node:dns:122:26)
[ioredis] Unhandled error event: Error: getaddrinfo ENOTFOUND redis.databases.svc.cluster.local
    at GetAddrInfoReqWrap.onlookupall [as oncomplete] (node:dns:122:26)
[ioredis] Unhandled error event: Error: getaddrinfo ENOTFOUND redis.databases.svc.cluster.local
    at GetAddrInfoReqWrap.onlookupall [as oncomplete] (node:dns:122:26)
[ioredis] Unhandled error event: Error: getaddrinfo ENOTFOUND redis.databases.svc.cluster.local
    at GetAddrInfoReqWrap.onlookupall [as oncomplete] (node:dns:122:26)
[ioredis] Unhandled error event: Error: getaddrinfo ENOTFOUND redis.databases.svc.cluster.local
    at GetAddrInfoReqWrap.onlookupall [as oncomplete] (node:dns:122:26)
[ioredis] Unhandled error event: Error: getaddrinfo ENOTFOUND redis.databases.svc.cluster.local
    at GetAddrInfoReqWrap.onlookupall [as oncomplete] (node:dns:122:26)
[ioredis] Unhandled error event: Error: getaddrinfo ENOTFOUND redis.databases.svc.cluster.local
    at GetAddrInfoReqWrap.onlookupall [as oncomplete] (node:dns:122:26)
[ioredis] Unhandled error event: Error: getaddrinfo ENOTFOUND redis.databases.svc.cluster.local
    at GetAddrInfoReqWrap.onlookupall [as oncomplete] (node:dns:122:26)
[ioredis] Unhandled error event: Error: getaddrinfo ENOTFOUND redis.databases.svc.cluster.local
    at GetAddrInfoReqWrap.onlookupall [as oncomplete] (node:dns:122:26)
[ioredis] Unhandled error event: Error: getaddrinfo ENOTFOUND redis.databases.svc.cluster.local
    at GetAddrInfoReqWrap.onlookupall [as oncomplete] (node:dns:122:26)
[ioredis] Unhandled error event: Error: getaddrinfo ENOTFOUND redis.databases.svc.cluster.local
    at GetAddrInfoReqWrap.onlookupall [as oncomplete] (node:dns:122:26)
[ioredis] Unhandled error event: Error: getaddrinfo ENOTFOUND redis.databases.svc.cluster.local
    at GetAddrInfoReqWrap.onlookupall [as oncomplete] (node:dns:122:26)
[ioredis] Unhandled error event: Error: getaddrinfo ENOTFOUND redis.databases.svc.cluster.local
    at GetAddrInfoReqWrap.onlookupall [as oncomplete] (node:dns:122:26)
[ioredis] Unhandled error event: Error: getaddrinfo ENOTFOUND redis.databases.svc.cluster.local
    at GetAddrInfoReqWrap.onlookupall [as oncomplete] (node:dns:122:26)
[ioredis] Unhandled error event: Error: getaddrinfo ENOTFOUND redis.databases.svc.cluster.local
    at GetAddrInfoReqWrap.onlookupall [as oncomplete] (node:dns:122:26)
[ioredis] Unhandled error event: Error: getaddrinfo ENOTFOUND redis.databases.svc.cluster.local
    at GetAddrInfoReqWrap.onlookupall [as oncomplete] (node:dns:122:26)
[ioredis] Unhandled error event: Error: getaddrinfo ENOTFOUND redis.databases.svc.cluster.local
    at GetAddrInfoReqWrap.onlookupall [as oncomplete] (node:dns:122:26)
[ioredis] Unhandled error event: Error: getaddrinfo ENOTFOUND redis.databases.svc.cluster.local
    at GetAddrInfoReqWrap.onlookupall [as oncomplete] (node:dns:122:26)
[ioredis] Unhandled error event: Error: getaddrinfo ENOTFOUND redis.databases.svc.cluster.local
    at GetAddrInfoReqWrap.onlookupall [as oncomplete] (node:dns:122:26)
[ioredis] Unhandled error event: Error: getaddrinfo ENOTFOUND redis.databases.svc.cluster.local
    at GetAddrInfoReqWrap.onlookupall [as oncomplete] (node:dns:122:26)
[ioredis] Unhandled error event: Error: getaddrinfo ENOTFOUND redis.databases.svc.cluster.local
    at GetAddrInfoReqWrap.onlookupall [as oncomplete] (node:dns:122:26)
[ioredis] Unhandled error event: Error: getaddrinfo ENOTFOUND redis.databases.svc.cluster.local
    at GetAddrInfoReqWrap.onlookupall [as oncomplete] (node:dns:122:26)
[ioredis] Unhandled error event: Error: getaddrinfo ENOTFOUND redis.databases.svc.cluster.local
    at GetAddrInfoReqWrap.onlookupall [as oncomplete] (node:dns:122:26)
[ioredis] Unhandled error event: Error: getaddrinfo ENOTFOUND redis.databases.svc.cluster.local
    at GetAddrInfoReqWrap.onlookupall [as oncomplete] (node:dns:122:26)
[ioredis] Unhandled error event: Error: getaddrinfo ENOTFOUND redis.databases.svc.cluster.local
    at GetAddrInfoReqWrap.onlookupall [as oncomplete] (node:dns:122:26)
[ioredis] Unhandled error event: Error: getaddrinfo ENOTFOUND redis.databases.svc.cluster.local
    at GetAddrInfoReqWrap.onlookupall [as oncomplete] (node:dns:122:26)
[ioredis] Unhandled error event: Error: getaddrinfo ENOTFOUND redis.databases.svc.cluster.local
    at GetAddrInfoReqWrap.onlookupall [as oncomplete] (node:dns:122:26)
[ioredis] Unhandled error event: Error: getaddrinfo ENOTFOUND redis.databases.svc.cluster.local
    at GetAddrInfoReqWrap.onlookupall [as oncomplete] (node:dns:122:26)
[ioredis] Unhandled error event: Error: getaddrinfo ENOTFOUND redis.databases.svc.cluster.local
    at GetAddrInfoReqWrap.onlookupall [as oncomplete] (node:dns:122:26)
[ioredis] Unhandled error event: Error: getaddrinfo ENOTFOUND redis.databases.svc.cluster.local
    at GetAddrInfoReqWrap.onlookupall [as oncomplete] (node:dns:122:26)
[ioredis] Unhandled error event: Error: getaddrinfo ENOTFOUND redis.databases.svc.cluster.local
    at GetAddrInfoReqWrap.onlookupall [as oncomplete] (node:dns:122:26)
[ioredis] Unhandled error event: Error: getaddrinfo ENOTFOUND redis.databases.svc.cluster.local
    at GetAddrInfoReqWrap.onlookupall [as oncomplete] (node:dns:122:26)
[ioredis] Unhandled error event: Error: getaddrinfo ENOTFOUND redis.databases.svc.cluster.local
    at GetAddrInfoReqWrap.onlookupall [as oncomplete] (node:dns:122:26)
[ioredis] Unhandled error event: Error: getaddrinfo ENOTFOUND redis.databases.svc.cluster.local
    at GetAddrInfoReqWrap.onlookupall [as oncomplete] (node:dns:122:26)
[ioredis] Unhandled error event: Error: getaddrinfo ENOTFOUND redis.databases.svc.cluster.local
    at GetAddrInfoReqWrap.onlookupall [as oncomplete] (node:dns:122:26)
[ioredis] Unhandled error event: Error: getaddrinfo ENOTFOUND redis.databases.svc.cluster.local
    at GetAddrInfoReqWrap.onlookupall [as oncomplete] (node:dns:122:26)
[ioredis] Unhandled error event: Error: getaddrinfo ENOTFOUND redis.databases.svc.cluster.local
    at GetAddrInfoReqWrap.onlookupall [as oncomplete] (node:dns:122:26)
[ioredis] Unhandled error event: Error: getaddrinfo ENOTFOUND redis.databases.svc.cluster.local
    at GetAddrInfoReqWrap.onlookupall [as oncomplete] (node:dns:122:26)
[ioredis] Unhandled error event: Error: getaddrinfo ENOTFOUND redis.databases.svc.cluster.local
    at GetAddrInfoReqWrap.onlookupall [as oncomplete] (node:dns:122:26)
[ioredis] Unhandled error event: Error: getaddrinfo ENOTFOUND redis.databases.svc.cluster.local
    at GetAddrInfoReqWrap.onlookupall [as oncomplete] (node:dns:122:26)
[ioredis] Unhandled error event: Error: getaddrinfo ENOTFOUND redis.databases.svc.cluster.local
    at GetAddrInfoReqWrap.onlookupall [as oncomplete] (node:dns:122:26)
[ioredis] Unhandled error event: Error: getaddrinfo ENOTFOUND redis.databases.svc.cluster.local
    at GetAddrInfoReqWrap.onlookupall [as oncomplete] (node:dns:122:26)
[ioredis] Unhandled error event: Error: getaddrinfo ENOTFOUND redis.databases.svc.cluster.local
    at GetAddrInfoReqWrap.onlookupall [as oncomplete] (node:dns:122:26)
[ioredis] Unhandled error event: Error: getaddrinfo ENOTFOUND redis.databases.svc.cluster.local
    at GetAddrInfoReqWrap.onlookupall [as oncomplete] (node:dns:122:26)
[ioredis] Unhandled error event: Error: getaddrinfo ENOTFOUND redis.databases.svc.cluster.local
    at GetAddrInfoReqWrap.onlookupall [as oncomplete] (node:dns:122:26)
[ioredis] Unhandled error event: Error: getaddrinfo ENOTFOUND redis.databases.svc.cluster.local
    at GetAddrInfoReqWrap.onlookupall [as oncomplete] (node:dns:122:26)
[ioredis] Unhandled error event: Error: getaddrinfo ENOTFOUND redis.databases.svc.cluster.local
    at GetAddrInfoReqWrap.onlookupall [as oncomplete] (node:dns:122:26)
[ioredis] Unhandled error event: Error: getaddrinfo ENOTFOUND redis.databases.svc.cluster.local
    at GetAddrInfoReqWrap.onlookupall [as oncomplete] (node:dns:122:26)
[ioredis] Unhandled error event: Error: getaddrinfo ENOTFOUND redis.databases.svc.cluster.local
    at GetAddrInfoReqWrap.onlookupall [as oncomplete] (node:dns:122:26)
[ioredis] Unhandled error event: Error: getaddrinfo ENOTFOUND redis.databases.svc.cluster.local
    at GetAddrInfoReqWrap.onlookupall [as oncomplete] (node:dns:122:26)
[ioredis] Unhandled error event: Error: getaddrinfo ENOTFOUND redis.databases.svc.cluster.local
    at GetAddrInfoReqWrap.onlookupall [as oncomplete] (node:dns:122:26)
[ioredis] Unhandled error event: Error: getaddrinfo ENOTFOUND redis.databases.svc.cluster.local
    at GetAddrInfoReqWrap.onlookupall [as oncomplete] (node:dns:122:26)
[ioredis] Unhandled error event: Error: getaddrinfo ENOTFOUND redis.databases.svc.cluster.local
    at GetAddrInfoReqWrap.onlookupall [as oncomplete] (node:dns:122:26)
[ioredis] Unhandled error event: Error: getaddrinfo ENOTFOUND redis.databases.svc.cluster.local
    at GetAddrInfoReqWrap.onlookupall [as oncomplete] (node:dns:122:26)
[ioredis] Unhandled error event: Error: getaddrinfo ENOTFOUND redis.databases.svc.cluster.local
    at GetAddrInfoReqWrap.onlookupall [as oncomplete] (node:dns:122:26)
[ioredis] Unhandled error event: Error: getaddrinfo ENOTFOUND redis.databases.svc.cluster.local
    at GetAddrInfoReqWrap.onlookupall [as oncomplete] (node:dns:122:26)
[ioredis] Unhandled error event: Error: getaddrinfo ENOTFOUND redis.databases.svc.cluster.local
    at GetAddrInfoReqWrap.onlookupall [as oncomplete] (node:dns:122:26)
[ioredis] Unhandled error event: Error: getaddrinfo ENOTFOUND redis.databases.svc.cluster.local
    at GetAddrInfoReqWrap.onlookupall [as oncomplete] (node:dns:122:26)
[ioredis] Unhandled error event: Error: getaddrinfo ENOTFOUND redis.databases.svc.cluster.local
    at GetAddrInfoReqWrap.onlookupall [as oncomplete] (node:dns:122:26)
[ioredis] Unhandled error event: Error: getaddrinfo ENOTFOUND redis.databases.svc.cluster.local
    at GetAddrInfoReqWrap.onlookupall [as oncomplete] (node:dns:122:26)
[ioredis] Unhandled error event: Error: getaddrinfo ENOTFOUND redis.databases.svc.cluster.local
    at GetAddrInfoReqWrap.onlookupall [as oncomplete] (node:dns:122:26)
[ioredis] Unhandled error event: Error: getaddrinfo ENOTFOUND redis.databases.svc.cluster.local
    at GetAddrInfoReqWrap.onlookupall [as oncomplete] (node:dns:122:26)
[ioredis] Unhandled error event: Error: getaddrinfo ENOTFOUND redis.databases.svc.cluster.local
    at GetAddrInfoReqWrap.onlookupall [as oncomplete] (node:dns:122:26)
[ioredis] Unhandled error event: Error: getaddrinfo ENOTFOUND redis.databases.svc.cluster.local
    at GetAddrInfoReqWrap.onlookupall [as oncomplete] (node:dns:122:26)
[ioredis] Unhandled error event: Error: getaddrinfo ENOTFOUND redis.databases.svc.cluster.local
    at GetAddrInfoReqWrap.onlookupall [as oncomplete] (node:dns:122:26)
[ioredis] Unhandled error event: Error: getaddrinfo ENOTFOUND redis.databases.svc.cluster.local
    at GetAddrInfoReqWrap.onlookupall [as oncomplete] (node:dns:122:26)
[ioredis] Unhandled error event: Error: getaddrinfo ENOTFOUND redis.databases.svc.cluster.local
    at GetAddrInfoReqWrap.onlookupall [as oncomplete] (node:dns:122:26)
[ioredis] Unhandled error event: Error: getaddrinfo ENOTFOUND redis.databases.svc.cluster.local
    at GetAddrInfoReqWrap.onlookupall [as oncomplete] (node:dns:122:26)
[ioredis] Unhandled error event: Error: getaddrinfo ENOTFOUND redis.databases.svc.cluster.local
    at GetAddrInfoReqWrap.onlookupall [as oncomplete] (node:dns:122:26)
[ioredis] Unhandled error event: Error: getaddrinfo ENOTFOUND redis.databases.svc.cluster.local
    at GetAddrInfoReqWrap.onlookupall [as oncomplete] (node:dns:122:26)
[ioredis] Unhandled error event: Error: getaddrinfo ENOTFOUND redis.databases.svc.cluster.local
    at GetAddrInfoReqWrap.onlookupall [as oncomplete] (node:dns:122:26)
[ioredis] Unhandled error event: Error: getaddrinfo ENOTFOUND redis.databases.svc.cluster.local
    at GetAddrInfoReqWrap.onlookupall [as oncomplete] (node:dns:122:26)
[ioredis] Unhandled error event: Error: getaddrinfo ENOTFOUND redis.databases.svc.cluster.local
    at GetAddrInfoReqWrap.onlookupall [as oncomplete] (node:dns:122:26)
[ioredis] Unhandled error event: Error: getaddrinfo ENOTFOUND redis.databases.svc.cluster.local
    at GetAddrInfoReqWrap.onlookupall [as oncomplete] (node:dns:122:26)
[ioredis] Unhandled error event: Error: getaddrinfo ENOTFOUND redis.databases.svc.cluster.local
    at GetAddrInfoReqWrap.onlookupall [as oncomplete] (node:dns:122:26)
[ioredis] Unhandled error event: Error: getaddrinfo ENOTFOUND redis.databases.svc.cluster.local
    at GetAddrInfoReqWrap.onlookupall [as oncomplete] (node:dns:122:26)
[ioredis] Unhandled error event: Error: getaddrinfo ENOTFOUND redis.databases.svc.cluster.local
    at GetAddrInfoReqWrap.onlookupall [as oncomplete] (node:dns:122:26)
[ioredis] Unhandled error event: Error: getaddrinfo ENOTFOUND redis.databases.svc.cluster.local
    at GetAddrInfoReqWrap.onlookupall [as oncomplete] (node:dns:122:26)
[ioredis] Unhandled error event: Error: getaddrinfo ENOTFOUND redis.databases.svc.cluster.local
    at GetAddrInfoReqWrap.onlookupall [as oncomplete] (node:dns:122:26)
[ioredis] Unhandled error event: Error: getaddrinfo ENOTFOUND redis.databases.svc.cluster.local
    at GetAddrInfoReqWrap.onlookupall [as oncomplete] (node:dns:122:26)
[ioredis] Unhandled error event: Error: getaddrinfo ENOTFOUND redis.databases.svc.cluster.local
    at GetAddrInfoReqWrap.onlookupall [as oncomplete] (node:dns:122:26)
[ioredis] Unhandled error event: Error: getaddrinfo ENOTFOUND redis.databases.svc.cluster.local
    at GetAddrInfoReqWrap.onlookupall [as oncomplete] (node:dns:122:26)
[ioredis] Unhandled error event: Error: getaddrinfo ENOTFOUND redis.databases.svc.cluster.local
    at GetAddrInfoReqWrap.onlookupall [as oncomplete] (node:dns:122:26)
Terminated
